// Jest Snapshot v1, https://goo.gl/fbAQLP

exports[`CategoryModule Snapshot Tests createCategory response should match the snapshot 1`] = `
{
  "name": "Snapshot Category",
}
`;

exports[`CategoryModule Snapshot Tests getCategoryById should match the snapshot 1`] = `
{
  "_id": "abc123",
  "name": "Snapshot Art",
}
`;
