// Jest Snapshot v1, https://goo.gl/fbAQLP

exports[`✅ Snapshot Testing should match snapshot of Order schema structure 1`] = `
[
  "organizerId",
  "vendorOrders",
  "eventDate",
  "eventTime",
  "totalAmount",
  "discount",
  "finalAmount",
  "status",
]
`;

exports[`✅ Snapshot Testing should match snapshot of OrderController methods 1`] = `
[
  "constructor",
  "placeOrder",
  "respondToOrder",
  "completeVendor",
  "completeOrder",
]
`;

exports[`✅ Snapshot Testing should match snapshot of OrderService methods 1`] = `
[
  "constructor",
  "createOrder",
  "updateVendorResponse",
  "completeVendorOrder",
  "confirmOrderCompletion",
]
`;

exports[`✅ Snapshot Testing should match snapshot of VendorOrder schema structure 1`] = `
[
  "orderId",
  "vendorId",
  "serviceName",
  "price",
  "status",
  "message",
  "confirmationTime",
]
`;

exports[`✅ Snapshot Testing should match snapshot of resolved module metadata 1`] = `undefined`;
